// Jest Snapshot v1, https://goo.gl/fbAQLP

exports[`Logistic Badges component should render component and match snapshot 1`] = `
<picture>
    <source srcset="http://images.ctfassets.net/6iactef8ko6c/51BTxQjQM84MaMGEk4cY4k/18956cef0802562b46a72ee665dadabb/sf_cam1_402x.jpg?fm=webp" type="image/webp">
    <source srcset="http://images.ctfassets.net/6iactef8ko6c/51BTxQjQM84MaMGEk4cY4k/18956cef0802562b46a72ee665dadabb/sf_cam1_402x.jpg" type="image/jpeg"> <img src="http://images.ctfassets.net/6iactef8ko6c/51BTxQjQM84MaMGEk4cY4k/18956cef0802562b46a72ee665dadabb/sf_cam1_402x.jpg" alt="smartfrog cam"></picture>
`;
